FUNC LABEL 0
    MOV REG 0 VAL 3
    EQU REG 0
    PRINT REG 0
    RET