FUNC LABEL 0
    MOV STK A VAL 16
    PRINT STK A
    RET