FUNC LABEL 0
    MOV REG 0 VAL 1
    MOV REG 1 VAL 2
    MOV STK A REG 0
    MOV STK B REG 1
    REF REG 3 STK B
    PRINT REG 3
    RET