FUNC LABEL 0
    MOV STK A VAL 32
    MOV STK B VAL 72
    MOV STK C VAL 72
    PRINT STK A
    RET