The next train to Melbourne from Sydney departs at 23:13:22
